Exporting partition: vehicles_partition_2025_w46
writing to vehicles_partition_2025_w46.parquet
Reading full table of size 144 kB from PostgreSQL...
Processing chunk 1 (512 rows)...
Finished loading table to parquet file

Uploading to s3://charlie-muni-pg-backup/vehicle_records/2025/46.parquet
Successfully backed up vehicles_partition_2025_w46
Exporting partition: vehicles_partition_2025_w47
writing to vehicles_partition_2025_w47.parquet
Reading full table of size 208 MB from PostgreSQL...
Processing chunk 1 (50,000 rows)...
Processing chunk 2 (50,000 rows)...
Processing chunk 3 (50,000 rows)...
Processing chunk 4 (50,000 rows)...
Processing chunk 5 (50,000 rows)...
Processing chunk 6 (50,000 rows)...
Processing chunk 7 (50,000 rows)...
Processing chunk 8 (50,000 rows)...
Processing chunk 9 (50,000 rows)...
Processing chunk 10 (50,000 rows)...
Processing chunk 11 (50,000 rows)...
Processing chunk 12 (50,000 rows)...
Processing chunk 13 (50,000 rows)...
Processing chunk 14 (50,000 rows)...
Processing chunk 15 (50,000 rows)...
Processing chunk 16 (50,000 rows)...
Processing chunk 17 (50,000 rows)...
Processing chunk 18 (50,000 rows)...
Processing chunk 19 (50,000 rows)...
Processing chunk 20 (50,000 rows)...
Processing chunk 21 (50,000 rows)...
Processing chunk 22 (50,000 rows)...
Processing chunk 23 (50,000 rows)...
Processing chunk 24 (50,000 rows)...
Processing chunk 25 (50,000 rows)...
Processing chunk 26 (50,000 rows)...
Processing chunk 27 (50,000 rows)...
Processing chunk 28 (50,000 rows)...
Processing chunk 29 (50,000 rows)...
Processing chunk 30 (50,000 rows)...
Processing chunk 31 (50,000 rows)...
Processing chunk 32 (50,000 rows)...
Processing chunk 33 (50,000 rows)...
Processing chunk 34 (43,171 rows)...
Finished loading table to parquet file

Uploading to s3://charlie-muni-pg-backup/vehicle_records/2025/47.parquet
Successfully backed up vehicles_partition_2025_w47
Exporting partition: vehicles_partition_2025_w49
writing to vehicles_partition_2025_w49.parquet
Reading full table of size 365 MB from PostgreSQL...
Processing chunk 1 (50,000 rows)...
Processing chunk 2 (50,000 rows)...
Processing chunk 3 (50,000 rows)...
Processing chunk 4 (50,000 rows)...
Processing chunk 5 (50,000 rows)...
Processing chunk 6 (50,000 rows)...
Processing chunk 7 (50,000 rows)...
Processing chunk 8 (50,000 rows)...
Processing chunk 9 (50,000 rows)...
Processing chunk 10 (50,000 rows)...
Processing chunk 11 (50,000 rows)...
Processing chunk 12 (50,000 rows)...
Processing chunk 13 (50,000 rows)...
Processing chunk 14 (50,000 rows)...
Processing chunk 15 (50,000 rows)...
Processing chunk 16 (50,000 rows)...
Processing chunk 17 (50,000 rows)...
Processing chunk 18 (50,000 rows)...
Processing chunk 19 (50,000 rows)...
Processing chunk 20 (50,000 rows)...
Processing chunk 21 (50,000 rows)...
Processing chunk 22 (50,000 rows)...
Processing chunk 23 (50,000 rows)...
Processing chunk 24 (50,000 rows)...
Processing chunk 25 (50,000 rows)...
Processing chunk 26 (50,000 rows)...
Processing chunk 27 (50,000 rows)...
Processing chunk 28 (50,000 rows)...
Processing chunk 29 (50,000 rows)...
Processing chunk 30 (50,000 rows)...
Processing chunk 31 (50,000 rows)...
Processing chunk 32 (50,000 rows)...
Processing chunk 33 (50,000 rows)...
Processing chunk 34 (50,000 rows)...
Processing chunk 35 (50,000 rows)...
Processing chunk 36 (50,000 rows)...
Processing chunk 37 (50,000 rows)...
Processing chunk 38 (50,000 rows)...
Processing chunk 39 (50,000 rows)...
Processing chunk 40 (50,000 rows)...
Processing chunk 41 (50,000 rows)...
Processing chunk 42 (50,000 rows)...
Processing chunk 43 (50,000 rows)...
Processing chunk 44 (50,000 rows)...
Processing chunk 45 (50,000 rows)...
Processing chunk 46 (50,000 rows)...
Processing chunk 47 (50,000 rows)...
Processing chunk 48 (50,000 rows)...
Processing chunk 49 (50,000 rows)...
Processing chunk 50 (50,000 rows)...
Processing chunk 51 (50,000 rows)...
Processing chunk 52 (50,000 rows)...
Processing chunk 53 (50,000 rows)...
Processing chunk 54 (50,000 rows)...
Processing chunk 55 (50,000 rows)...
Processing chunk 56 (50,000 rows)...
Processing chunk 57 (50,000 rows)...
Processing chunk 58 (50,000 rows)...
Processing chunk 59 (19,320 rows)...
Finished loading table to parquet file

Uploading to s3://charlie-muni-pg-backup/vehicle_records/2025/49.parquet
Successfully backed up vehicles_partition_2025_w49
Exporting partition: vehicles_partition_2025_w50
writing to vehicles_partition_2025_w50.parquet
Reading full table of size 337 MB from PostgreSQL...
Processing chunk 1 (50,000 rows)...
Processing chunk 2 (50,000 rows)...
Processing chunk 3 (50,000 rows)...
Processing chunk 4 (50,000 rows)...
Processing chunk 5 (50,000 rows)...
Processing chunk 6 (50,000 rows)...
Processing chunk 7 (50,000 rows)...
Processing chunk 8 (50,000 rows)...
Processing chunk 9 (50,000 rows)...
Processing chunk 10 (50,000 rows)...
Processing chunk 11 (50,000 rows)...
Processing chunk 12 (50,000 rows)...
Processing chunk 13 (50,000 rows)...
Processing chunk 14 (50,000 rows)...
Processing chunk 15 (50,000 rows)...
Processing chunk 16 (50,000 rows)...
Processing chunk 17 (50,000 rows)...
Processing chunk 18 (50,000 rows)...
Processing chunk 19 (50,000 rows)...
Processing chunk 20 (50,000 rows)...
Processing chunk 21 (50,000 rows)...
Processing chunk 22 (50,000 rows)...
Processing chunk 23 (50,000 rows)...
Processing chunk 24 (50,000 rows)...
Processing chunk 25 (50,000 rows)...
Processing chunk 26 (50,000 rows)...
Processing chunk 27 (50,000 rows)...
Processing chunk 28 (50,000 rows)...
Processing chunk 29 (50,000 rows)...
Processing chunk 30 (50,000 rows)...
Processing chunk 31 (50,000 rows)...
Processing chunk 32 (50,000 rows)...
Processing chunk 33 (50,000 rows)...
Processing chunk 34 (50,000 rows)...
Processing chunk 35 (50,000 rows)...
Processing chunk 36 (50,000 rows)...
Processing chunk 37 (50,000 rows)...
Processing chunk 38 (50,000 rows)...
Processing chunk 39 (50,000 rows)...
Processing chunk 40 (50,000 rows)...
Processing chunk 41 (50,000 rows)...
Processing chunk 42 (50,000 rows)...
Processing chunk 43 (50,000 rows)...
Processing chunk 44 (50,000 rows)...
Processing chunk 45 (50,000 rows)...
Processing chunk 46 (50,000 rows)...
Processing chunk 47 (50,000 rows)...
Processing chunk 48 (50,000 rows)...
Processing chunk 49 (50,000 rows)...
Processing chunk 50 (50,000 rows)...
Processing chunk 51 (50,000 rows)...
Processing chunk 52 (50,000 rows)...
Processing chunk 53 (50,000 rows)...
Processing chunk 54 (50,000 rows)...
Processing chunk 55 (18,091 rows)...
Finished loading table to parquet file

Uploading to s3://charlie-muni-pg-backup/vehicle_records/2025/50.parquet
Successfully backed up vehicles_partition_2025_w50
